// Jest Snapshot v1, https://goo.gl/fbAQLP

exports[`Renders correctly 1`] = `
Array [
  <h1
    role="welcomeHeading"
  >
    This is the Login Page!
  </h1>,
  <span
    role="userGreeting"
  >
    Jean
  </span>,
]
`;
